// Jest Snapshot v1, https://goo.gl/fbAQLP

exports[`Compare with snapshot render correctly 1`] = `
<main>
  <header
    className="d-flex flex-row align-items-center"
  >
    <img
      alt="Logo Img"
      className="w-50 p-3"
      src="/img/logo.png"
    />
    <div
      className="p-3"
    >
      <h1
        className="fw-bold rs-f text-uppercase"
      >
        Total 24h Vol
      </h1>
      <h3
        className="rs-f3"
      >
        $0.00
      </h3>
    </div>
  </header>
  <div
    className="articleHeader p-1 w-100"
  >
    <p
      className="m-0"
    >
      COIN DETAILS
    </p>
  </div>
  <article
    className="coinsContainer"
    data-testid="list-container"
  />
</main>
`;
